// Jest Snapshot v1, https://goo.gl/fbAQLP

exports[`VideoPlayerUI Test Cases renders correctly 1`] = `
<View
  style={
    {
      "height": "100%",
      "position": "absolute",
      "width": "100%",
      "zIndex": 5,
    }
  }
  testID="video-player-ui-view"
>
  <LinearGradient
    colors={
      [
        "rgba(0, 0, 0, 0.4)",
        "transparent",
        "rgba(0, 0, 0, 0.4)",
      ]
    }
    style={
      {
        "height": "100%",
        "justifyContent": "space-between",
        "width": "100%",
      }
    }
  >
    <View
      style={
        {
          "alignItems": "center",
          "flexDirection": "row",
          "justifyContent": "space-between",
          "opacity": 0.8,
          "paddingLeft": 20,
          "paddingRight": 40,
          "paddingVertical": 10,
          "width": "100%",
        }
      }
    >
      <View
        accessibilityState={
          {
            "busy": undefined,
            "checked": undefined,
            "disabled": undefined,
            "expanded": undefined,
            "selected": undefined,
          }
        }
        accessibilityValue={
          {
            "max": undefined,
            "min": undefined,
            "now": undefined,
            "text": undefined,
          }
        }
        accessible={true}
        collapsable={false}
        focusable={true}
        hasTVPreferredFocus={false}
        onClick={[Function]}
        onResponderGrant={[Function]}
        onResponderMove={[Function]}
        onResponderRelease={[Function]}
        onResponderTerminate={[Function]}
        onResponderTerminationRequest={[Function]}
        onStartShouldSetResponder={[Function]}
        style={
          {
            "alignItems": "center",
            "flexDirection": "row",
            "opacity": 1,
            "padding": 25,
            "width": 125,
          }
        }
      >
        <Text
          testID="header_back_icon"
        />
      </View>
      <Text
        numberOfLines={1}
        style={
          {
            "color": "#FFFFFF",
            "fontSize": 70,
            "fontWeight": "500",
            "textAlign": "right",
            "width": "90%",
          }
        }
        testID="video-player-header"
      >
        Beautiful Whale Tail Uvita Costa Rica
      </Text>
    </View>
    <View
      style={
        {
          "flexDirection": "row",
          "justifyContent": "center",
        }
      }
    >
      <View
        accessibilityState={
          {
            "busy": undefined,
            "checked": undefined,
            "disabled": undefined,
            "expanded": undefined,
            "selected": undefined,
          }
        }
        accessibilityValue={
          {
            "max": undefined,
            "min": undefined,
            "now": undefined,
            "text": undefined,
          }
        }
        accessible={true}
        collapsable={false}
        focusable={true}
        onClick={[Function]}
        onResponderGrant={[Function]}
        onResponderMove={[Function]}
        onResponderRelease={[Function]}
        onResponderTerminate={[Function]}
        onResponderTerminationRequest={[Function]}
        onStartShouldSetResponder={[Function]}
        style={
          {
            "alignItems": "center",
            "flexDirection": "row",
            "opacity": 1,
            "padding": 25,
          }
        }
        testID="player-btn-seek-backward"
      >
        <Text />
      </View>
      <View
        accessibilityState={
          {
            "busy": undefined,
            "checked": undefined,
            "disabled": undefined,
            "expanded": undefined,
            "selected": undefined,
          }
        }
        accessibilityValue={
          {
            "max": undefined,
            "min": undefined,
            "now": undefined,
            "text": undefined,
          }
        }
        accessible={true}
        collapsable={false}
        focusable={true}
        hasTVPreferredFocus={true}
        onClick={[Function]}
        onResponderGrant={[Function]}
        onResponderMove={[Function]}
        onResponderRelease={[Function]}
        onResponderTerminate={[Function]}
        onResponderTerminationRequest={[Function]}
        onStartShouldSetResponder={[Function]}
        style={
          {
            "alignItems": "center",
            "flexDirection": "row",
            "opacity": 1,
            "padding": 25,
          }
        }
        testID="player-btn-play-pause"
      >
        <Text />
      </View>
      <View
        accessibilityState={
          {
            "busy": undefined,
            "checked": undefined,
            "disabled": undefined,
            "expanded": undefined,
            "selected": undefined,
          }
        }
        accessibilityValue={
          {
            "max": undefined,
            "min": undefined,
            "now": undefined,
            "text": undefined,
          }
        }
        accessible={true}
        collapsable={false}
        focusable={true}
        onClick={[Function]}
        onResponderGrant={[Function]}
        onResponderMove={[Function]}
        onResponderRelease={[Function]}
        onResponderTerminate={[Function]}
        onResponderTerminationRequest={[Function]}
        onStartShouldSetResponder={[Function]}
        style={
          {
            "alignItems": "center",
            "flexDirection": "row",
            "opacity": 1,
            "padding": 25,
          }
        }
        testID="player-btn-seek-forward"
      >
        <Text />
      </View>
    </View>
    <View
      style={
        {
          "alignItems": "center",
          "flexDirection": "row",
          "justifyContent": "flex-end",
        }
      }
      testID="control-bar"
    />
    <View
      style={
        {
          "bottom": 90,
          "position": "absolute",
          "right": 0,
        }
      }
    />
  </LinearGradient>
</View>
`;
